// Jest Snapshot v1, https://goo.gl/fbAQLP

exports[`ProductMedia basic 1`] = `
<div>
  <div
    class="flex items-start"
  >
    <span
      class="ant-avatar ant-avatar-square ant-avatar-image ant-avatar-icon"
      style="width: 54px; height: 54px; line-height: 54px; font-size: 27px;"
    >
      <img
        src="image"
      />
    </span>
    <div
      class="flex-1 ml-3"
    >
      name
    </div>
  </div>
</div>
`;
