// Jest Snapshot v1, https://goo.gl/fbAQLP

exports[`admin/products index 1`] = `
[MockFunction] {
  "calls": Array [
    Array [
      Object {
        "method": "get",
        "url": "products?page=1&limit=20",
      },
    ],
  ],
  "results": Array [
    Object {
      "type": "return",
      "value": Promise {
        "reject": [Function],
        "resolve": [Function],
      },
    },
  ],
}
`;
