// Jest Snapshot v1, https://goo.gl/fbAQLP

exports[`admin/products form 1`] = `
[MockFunction] {
  "calls": Array [
    Array [
      Object {
        "loading": true,
        "method": "get",
        "params": Object {
          "limit": 500,
        },
        "url": "/api/admin/categories",
      },
    ],
    Array [
      Object {
        "loading": true,
        "method": "get",
        "params": Object {
          "limit": 500,
        },
        "url": "/api/admin/shipping-tpls",
      },
    ],
    Array [
      Object {
        "loading": true,
        "method": "get",
        "url": "/api/admin/products/defaults",
      },
    ],
  ],
  "results": Array [
    Object {
      "type": "return",
      "value": Promise {
        "reject": [Function],
        "resolve": [Function],
      },
    },
    Object {
      "type": "return",
      "value": Promise {
        "reject": [Function],
        "resolve": [Function],
      },
    },
    Object {
      "type": "return",
      "value": Promise {
        "reject": [Function],
        "resolve": [Function],
      },
    },
  ],
}
`;

exports[`admin/products form 2`] = `
[MockFunction] {
  "calls": Array [
    Array [
      Object {
        "loading": true,
        "method": "get",
        "params": Object {
          "limit": 500,
        },
        "url": "/api/admin/categories",
      },
    ],
    Array [
      Object {
        "loading": true,
        "method": "get",
        "params": Object {
          "limit": 500,
        },
        "url": "/api/admin/shipping-tpls",
      },
    ],
    Array [
      Object {
        "loading": true,
        "method": "get",
        "url": "/api/admin/products/defaults",
      },
    ],
    Array [
      Object {
        "data": Object {
          "_startAt": null,
          "categoriesProducts": Array [],
          "configs": Object {
            "hideSoldNum": undefined,
            "quantityName": undefined,
            "unit": undefined,
          },
          "decStockMode": undefined,
          "detail": Object {
            "content": undefined,
          },
          "endAt": "",
          "id": undefined,
          "images": Array [],
          "intro": undefined,
          "isAllowAddCart": true,
          "isAllowComment": true,
          "isAllowCoupon": true,
          "isListing": undefined,
          "isRequireAddress": true,
          "maxOrderQuantity": undefined,
          "name": "测试商品",
          "shippingTplId": 1,
          "skus": Array [
            Object {
              "id": undefined,
              "image": undefined,
              "marketPrice": undefined,
              "outerId": undefined,
              "price": "1.23",
              "score": undefined,
              "specValues": Array [
                Object {
                  "name": "默认",
                  "specName": "默认",
                },
              ],
              "stockNum": "3",
              "weight": undefined,
            },
          ],
          "sort": 50,
          "spec": Object {
            "specs": Array [
              Object {
                "name": "默认",
                "values": Array [
                  Object {
                    "name": "默认",
                  },
                ],
              },
            ],
          },
          "startAt": "",
        },
        "loading": true,
        "method": "POST",
        "url": "/api/admin/products",
      },
    ],
  ],
  "results": Array [
    Object {
      "type": "return",
      "value": Promise {
        "reject": [Function],
        "resolve": [Function],
      },
    },
    Object {
      "type": "return",
      "value": Promise {
        "reject": [Function],
        "resolve": [Function],
      },
    },
    Object {
      "type": "return",
      "value": Promise {
        "reject": [Function],
        "resolve": [Function],
      },
    },
    Object {
      "type": "return",
      "value": Promise {
        "reject": [Function],
        "resolve": [Function],
      },
    },
  ],
}
`;
